// Jest Snapshot v1, https://goo.gl/fbAQLP

exports[`Input Editable white input field matches the snapshot 1`] = `
<div>
  <label
    className="label"
    htmlFor="textInputId"
  >
    <div
      className="textinput_label"
    >
      Submission ID
    </div>
    <span
      className="mandatory"
      id="asterisk"
    >
      *
    </span>
     
    <span
      className="note"
    />
  </label>
  <input
    className="editable_white"
    id="textInputId"
    onChange={[Function]}
    placeholder="Enter id"
    type="text"
  />
  <br />
  <span
    className="error"
  />
</div>
`;
