// Jest Snapshot v1, https://goo.gl/fbAQLP

exports[`DocumentList Component Testsuite Matches the snapshot 1`] = `
<DocumentFragment>
  <div
    class="document-list"
  >
    <div
      class="header"
    >
      <span
        class="d-none d-lg-inline col-lg-3"
      >
        Document Type
      </span>
      <span
        class="d-none d-lg-inline col-lg-4"
      >
        File Name
      </span>
      <span
        class="d-none d-lg-inline col-lg-3"
      >
        Status
      </span>
      <span
        class="d-none d-lg-inline col-lg-2"
      >
        Action (s)
      </span>
    </div>
    <ul>
      <li>
        <span
          class="label col-sm-4 d-lg-none"
        >
          Document Type:
        </span>
        <span
          class="col-sm-8 col-lg-3"
        />
        <span
          class="label col-sm-4 d-lg-none"
        >
          File Name:
        </span>
        <span
          class="col-sm-8 col-lg-4 file-cell"
        >
          <span
            class="file-href"
            role="button"
            tabindex="0"
          >
            test-document.pdf
          </span>
        </span>
        <span
          class="label col-sm-4 d-lg-none"
        >
          Status:
        </span>
        <span
          class="col-sm-8 col-lg-3"
        >
          Submitted
        </span>
        <span
          class="label col-sm-4 d-lg-none"
        >
          Action (s):
        </span>
        <span
          class="col-sm-8 col-lg-2"
        >
          withdraw
        </span>
      </li>
    </ul>
  </div>
</DocumentFragment>
`;
