// Jest Snapshot v1, https://goo.gl/fbAQLP

exports[`PackageReview Component Matches the snapshot 1`] = `
<DocumentFragment>
  <main>
    <header
      class="bcgov-header"
    >
      <nav
        aria-label="Header"
        class="container-fluid navbar navbar-expand-lg navbar-dark"
      >
        <div
          aria-labelledby="title"
          class="navbar-brand bcgov-pointer"
        />
        <img
          alt="B.C. Government Logo"
          class="img-fluid d-none d-md-block bcgov-pointer"
          height="44"
          src="undefined/images/bcid-logo-rev-en.svg"
          width="181"
        />
        <img
          alt="B.C. Government Logo"
          class="img-fluid d-md-none bcgov-pointer"
          height="44"
          src="undefined/images/bcid-symbol-rev.svg"
          width="64"
        />
        <div
          aria-labelledby="title"
          class="bcgov-pointer navbar-brand nav-item nav-link"
        />
        <div
          class="navbar-brand"
          id="title"
        >
          eFiling Frontend
        </div>
      </nav>
    </header>
    <div
      class="page"
    >
      <div
        class="content col-md-8"
      >
        <h1>
          View Submitted Package
        </h1>
        <div
          class="col-md-8"
        >
          <div
            class="bcgov-display-box bcgov-error-background"
          >
            <div
              class="bcgov-display-icon"
            >
              <div
                style="color: rgb(216, 41, 47);"
              >
                <svg
                  fill="currentColor"
                  height="24"
                  stroke="currentColor"
                  stroke-width="0"
                  viewBox="0 0 24 24"
                  width="24"
                  xmlns="http://www.w3.org/2000/svg"
                >
                  <path
                    d="M12 2C6.47 2 2 6.47 2 12s4.47 10 10 10 10-4.47 10-10S17.53 2 12 2zm5 13.59L15.59 17 12 13.41 8.41 17 7 15.59 10.59 12 7 8.41 8.41 7 12 10.59 15.59 7 17 8.41 13.41 12 17 15.59z"
                  />
                </svg>
              </div>
            </div>
            <div
              class="bcgov-display-right-element"
            >
              There was a problem with your request.
            </div>
          </div>
        </div>
        <br />
        <div
          class="row"
        >
          <h2
            class="col-sm-6"
          >
            Package Details
          </h2>
          <div
            class="col-sm-6 text-sm-right mt-3 mt-sm-0"
          >
            <span
              class="file-href"
              role="button"
              tabindex="0"
            >
              Print Submission Sheet
            </span>
            <svg
              class="align-icon"
              color="#7F7F7F"
              fill="currentColor"
              height="24"
              stroke="currentColor"
              stroke-width="0"
              style="color: rgb(127, 127, 127);"
              viewBox="0 0 16 16"
              width="24"
              xmlns="http://www.w3.org/2000/svg"
            >
              <path
                d="M10.5 8a2.5 2.5 0 11-5 0 2.5 2.5 0 015 0z"
              />
              <path
                clip-rule="evenodd"
                d="M0 8s3-5.5 8-5.5S16 8 16 8s-3 5.5-8 5.5S0 8 0 8zm8 3.5a3.5 3.5 0 100-7 3.5 3.5 0 000 7z"
                fill-rule="evenodd"
              />
            </svg>
          </div>
        </div>
        <br />
        <div
          class="row"
        >
          <div
            class="col-sm-12 col-lg-6"
          >
            <div
              class="bcgov-table "
            >
              <b />
              <div
                class="bcgov-table-body"
              >
                <div
                  class="bcgov-row "
                >
                  <div
                    class="bcgov-fill-width"
                  >
                    Package Number:
                  </div>
                  <div
                    class="bcgov-table-value "
                  >
                    <b />
                  </div>
                </div>
                <div
                  class="bcgov-row "
                >
                  <div
                    class="bcgov-fill-width"
                  >
                    Submitted By:
                  </div>
                  <div
                    class="bcgov-table-value "
                  >
                    <b />
                  </div>
                </div>
                <div
                  class="bcgov-row "
                >
                  <div
                    class="bcgov-fill-width"
                  >
                    Submitted Date:
                  </div>
                  <div
                    class="bcgov-table-value "
                  >
                    <b />
                  </div>
                </div>
              </div>
            </div>
          </div>
          <div
            class="col-sm-12 col-lg-6"
          >
            <div
              class="bcgov-table "
            >
              <b />
              <div
                class="bcgov-table-body"
              >
                <div
                  class="bcgov-row "
                >
                  <div
                    class="bcgov-fill-width"
                  >
                    Court File Number:
                  </div>
                  <div
                    class="bcgov-table-value "
                  >
                    <b />
                  </div>
                </div>
                <div
                  class="bcgov-row "
                >
                  <div
                    class="bcgov-fill-width"
                  >
                    Submitted To:
                  </div>
                  <div
                    class="bcgov-table-value "
                  >
                    <b />
                  </div>
                </div>
                <div
                  class="bcgov-row "
                >
                  <div
                    class="bcgov-fill-width"
                  >
                    Filing Comments:
                  </div>
                  <div
                    class="bcgov-table-value "
                  >
                    <b />
                  </div>
                </div>
              </div>
            </div>
          </div>
        </div>
        <br />
        <br />
        <section
          class="buttons pt-2"
        >
          <button
            class="bcgov-button normal-white btn"
            data-test-id=""
            type="button"
          >
            Cancel and Return to Parent App
          </button>
        </section>
      </div>
    </div>
    <footer
      class="bcgov-footer"
    >
      <nav
        aria-label="Footer"
        class="navbar navbar-expand-sm navbar-dark justify-content-end"
      >
        <button
          class="navbar-toggler"
          data-target="#footerBar"
          data-toggle="collapse"
          type="button"
        >
          <span
            class="navbar-toggler-icon"
          />
        </button>
        <div
          class="collapse navbar-collapse flex-grow-0"
          id="footerBar"
        >
          <ul
            class="navbar-nav text-right"
          >
            <li
              class="nav-item m-1"
            >
              <a
                class="nav-link"
                href="https://www2.gov.bc.ca"
                rel="noopener noreferrer"
                target="_blank"
              >
                BC Government
              </a>
            </li>
            <li
              class="nav-item m-1"
            >
              <a
                class="nav-link"
                href="https://www2.gov.bc.ca/gov/content/home/disclaimer"
                rel="noopener noreferrer"
                target="_blank"
              >
                Disclaimer
              </a>
            </li>
            <li
              class="nav-item m-1"
            >
              <a
                class="nav-link"
                href="https://www2.gov.bc.ca/gov/content/home/privacy"
                rel="noopener noreferrer"
                target="_blank"
              >
                Privacy
              </a>
            </li>
            <li
              class="nav-item m-1"
            >
              <a
                class="nav-link"
                href="https://www2.gov.bc.ca/gov/content/home/accessibility"
                rel="noopener noreferrer"
                target="_blank"
              >
                Accessibility
              </a>
            </li>
            <li
              class="nav-item m-1"
            >
              <a
                class="nav-link"
                href="https://www2.gov.bc.ca/gov/content/home/copyright"
                rel="noopener noreferrer"
                target="_blank"
              >
                Copyright
              </a>
            </li>
          </ul>
        </div>
      </nav>
    </footer>
  </main>
</DocumentFragment>
`;
