// Jest Snapshot v1, https://goo.gl/fbAQLP

exports[`Header Component Header matches the snapshot 1`] = `
<header>
  <nav
    className="container-fluid navbar navbar-expand-lg navbar-dark"
  >
    <div
      aria-labelledby="title"
      className="navbar-brand pointer"
    />
    <img
      alt="B.C. Government Logo"
      className="img-fluid d-none d-md-block pointer"
      height="44"
      onClick={[Function]}
      src={
        Object {
          "process": [Function],
        }
      }
      width={181}
    />
    <img
      alt="B.C. Government Logo"
      className="img-fluid d-md-none pointer"
      height="44"
      onClick={[Function]}
      src={
        Object {
          "process": [Function],
        }
      }
      width={64}
    />
    <div
      aria-labelledby="title"
      className="pointer navbar-brand nav-item nav-link"
    />
    <div
      className="navbar-brand"
      id="title"
    >
      File Submission
    </div>
  </nav>
</header>
`;

exports[`Header Component HeaderImage matches the snapshot 1`] = `
<img
  alt="B.C. Government Logo"
  className={181}
  height="44"
  onClick={[Function]}
  width="bcid-logo-rev-en.svg"
/>
`;

exports[`Header Component HeadingTitle matches the snapshot 1`] = `
<div
  aria-labelledby="title"
  className={
    Object {
      "action": "POP",
      "block": [Function],
      "canGo": [Function],
      "createHref": [Function],
      "entries": Array [
        Object {
          "hash": "",
          "key": "ml5b7a",
          "pathname": "/",
          "search": "",
          "state": undefined,
        },
      ],
      "go": [Function],
      "goBack": [Function],
      "goForward": [Function],
      "index": 0,
      "length": 1,
      "listen": [Function],
      "location": Object {
        "hash": "",
        "key": "ml5b7a",
        "pathname": "/",
        "search": "",
        "state": undefined,
      },
      "push": [Function],
      "replace": [Function],
    }
  }
/>
`;
