// Jest Snapshot v1, https://goo.gl/fbAQLP

exports[`ConfirmationPopup Component Matches the snapshot 1`] = `
<ConfirmationPopup
  cancelButton={
    Object {
      "label": "No, resume my process please",
      "onClick": [MockFunction],
      "styling": "normal-white btn consistent-width",
    }
  }
  confirmButton={
    Object {
      "label": "Yes, cancel my process please",
      "onClick": [MockFunction],
      "styling": "normal-blue btn consistent-width",
    }
  }
  mainButton={
    Object {
      "label": "main label",
      "onClick": [MockFunction],
      "styling": "normal-blue btn",
    }
  }
  modal={
    Object {
      "body": [Function],
      "show": true,
      "title": "Cancel process?",
    }
  }
>
  <Button
    disabled={false}
    label="main label"
    onClick={[MockFunction]}
    styling="normal-blue btn"
    testId="main-cancel-btn"
  >
    <div>
      <button
        className="normal-blue btn"
        data-test-id="main-cancel-btn"
        disabled={false}
        onClick={[MockFunction]}
        type="button"
      >
        main label
      </button>
    </div>
  </Button>
  <Bootstrap(Modal)
    onHide={[MockFunction]}
    show={true}
  >
    <Modal
      animation={true}
      autoFocus={true}
      backdrop={true}
      bsPrefix="modal"
      dialogAs={
        Object {
          "$$typeof": Symbol(react.forward_ref),
          "displayName": "ModalDialog",
          "render": [Function],
        }
      }
      enforceFocus={true}
      keyboard={true}
      onHide={[MockFunction]}
      restoreFocus={true}
      show={true}
    >
      <Modal
        autoFocus={true}
        backdrop={true}
        backdropTransition={[Function]}
        className="modal"
        containerClassName="modal-open"
        enforceFocus={true}
        keyboard={true}
        manager={
          BootstrapModalManager {
            "adjustAndStore": [Function],
            "containers": Array [
              <body
                class="modal-open"
                style="padding-right: 0px;"
              >
                <div
                  class="fade modal-backdrop show"
                />
                <div
                  aria-modal="true"
                  class="fade modal show"
                  role="dialog"
                  style="display: block;"
                  tabindex="-1"
                >
                  <div
                    class="modal-dialog"
                    role="document"
                  >
                    <div
                      class="modal-content"
                    >
                      <div
                        class="hide-border padding-left modal-header"
                      >
                        <div
                          class="mt-3 larger-font modal-title h4"
                        >
                          Cancel process?
                        </div>
                        <button
                          class="close"
                          type="button"
                        >
                          <span
                            aria-hidden="true"
                          >
                            ×
                          </span>
                          <span
                            class="sr-only"
                          >
                            Close
                          </span>
                        </button>
                      </div>
                      <div
                        class="padding-left modal-body"
                      >
                        <p>
                          Your files will not be submitted.
                        </p>
                        <p>
                          You will be returned to:
                          <br />
                          <b>
                            Original
                          </b>
                           website
                        </p>
                      </div>
                      <div
                        class="mx-auto mb-5"
                      >
                        <div>
                          <button
                            class="normal-blue btn consistent-width"
                            data-test-id="modal-confirm-btn"
                            type="button"
                          >
                            Yes, cancel my process please
                          </button>
                        </div>
                        <br />
                        <div>
                          <button
                            class="normal-white btn consistent-width"
                            data-test-id="modal-cancel-btn"
                            type="button"
                          >
                            No, resume my process please
                          </button>
                        </div>
                      </div>
                    </div>
                  </div>
                </div>
              </body>,
            ],
            "data": Array [
              Object {
                "classes": Array [
                  "modal-open",
                ],
                "modals": Array [
                  Object {
                    "add": [Function],
                    "backdrop": <div
                      class="fade modal-backdrop show"
                    />,
                    "dialog": <div
                      aria-modal="true"
                      class="fade modal show"
                      role="dialog"
                      style="display: block;"
                      tabindex="-1"
                    >
                      <div
                        class="modal-dialog"
                        role="document"
                      >
                        <div
                          class="modal-content"
                        >
                          <div
                            class="hide-border padding-left modal-header"
                          >
                            <div
                              class="mt-3 larger-font modal-title h4"
                            >
                              Cancel process?
                            </div>
                            <button
                              class="close"
                              type="button"
                            >
                              <span
                                aria-hidden="true"
                              >
                                ×
                              </span>
                              <span
                                class="sr-only"
                              >
                                Close
                              </span>
                            </button>
                          </div>
                          <div
                            class="padding-left modal-body"
                          >
                            <p>
                              Your files will not be submitted.
                            </p>
                            <p>
                              You will be returned to:
                              <br />
                              <b>
                                Original
                              </b>
                               website
                            </p>
                          </div>
                          <div
                            class="mx-auto mb-5"
                          >
                            <div>
                              <button
                                class="normal-blue btn consistent-width"
                                data-test-id="modal-confirm-btn"
                                type="button"
                              >
                                Yes, cancel my process please
                              </button>
                            </div>
                            <br />
                            <div>
                              <button
                                class="normal-white btn consistent-width"
                                data-test-id="modal-cancel-btn"
                                type="button"
                              >
                                No, resume my process please
                              </button>
                            </div>
                          </div>
                        </div>
                      </div>
                    </div>,
                    "isTopModal": [Function],
                    "remove": [Function],
                    "setBackdropRef": [Function],
                    "setDialogRef": [Function],
                  },
                ],
                "overflowing": true,
                "style": Object {
                  "overflow": "",
                  "paddingRight": "",
                },
              },
            ],
            "handleContainerOverflow": true,
            "hideSiblingNodes": true,
            "modals": Array [
              Object {
                "add": [Function],
                "backdrop": <div
                  class="fade modal-backdrop show"
                />,
                "dialog": <div
                  aria-modal="true"
                  class="fade modal show"
                  role="dialog"
                  style="display: block;"
                  tabindex="-1"
                >
                  <div
                    class="modal-dialog"
                    role="document"
                  >
                    <div
                      class="modal-content"
                    >
                      <div
                        class="hide-border padding-left modal-header"
                      >
                        <div
                          class="mt-3 larger-font modal-title h4"
                        >
                          Cancel process?
                        </div>
                        <button
                          class="close"
                          type="button"
                        >
                          <span
                            aria-hidden="true"
                          >
                            ×
                          </span>
                          <span
                            class="sr-only"
                          >
                            Close
                          </span>
                        </button>
                      </div>
                      <div
                        class="padding-left modal-body"
                      >
                        <p>
                          Your files will not be submitted.
                        </p>
                        <p>
                          You will be returned to:
                          <br />
                          <b>
                            Original
                          </b>
                           website
                        </p>
                      </div>
                      <div
                        class="mx-auto mb-5"
                      >
                        <div>
                          <button
                            class="normal-blue btn consistent-width"
                            data-test-id="modal-confirm-btn"
                            type="button"
                          >
                            Yes, cancel my process please
                          </button>
                        </div>
                        <br />
                        <div>
                          <button
                            class="normal-white btn consistent-width"
                            data-test-id="modal-cancel-btn"
                            type="button"
                          >
                            No, resume my process please
                          </button>
                        </div>
                      </div>
                    </div>
                  </div>
                </div>,
                "isTopModal": [Function],
                "remove": [Function],
                "setBackdropRef": [Function],
                "setDialogRef": [Function],
              },
            ],
            "restore": [Function],
            "scrollbarSize": 0,
          }
        }
        onClick={[Function]}
        onEnter={[Function]}
        onEntering={[Function]}
        onExited={[Function]}
        onHide={[MockFunction]}
        onMouseUp={[Function]}
        renderBackdrop={[Function]}
        restoreFocus={true}
        show={true}
        style={
          Object {
            "paddingLeft": undefined,
            "paddingRight": undefined,
          }
        }
        transition={[Function]}
      >
        <Portal
          containerInfo={
            <body
              class="modal-open"
              style="padding-right: 0px;"
            >
              <div
                class="fade modal-backdrop show"
              />
              <div
                aria-modal="true"
                class="fade modal show"
                role="dialog"
                style="display: block;"
                tabindex="-1"
              >
                <div
                  class="modal-dialog"
                  role="document"
                >
                  <div
                    class="modal-content"
                  >
                    <div
                      class="hide-border padding-left modal-header"
                    >
                      <div
                        class="mt-3 larger-font modal-title h4"
                      >
                        Cancel process?
                      </div>
                      <button
                        class="close"
                        type="button"
                      >
                        <span
                          aria-hidden="true"
                        >
                          ×
                        </span>
                        <span
                          class="sr-only"
                        >
                          Close
                        </span>
                      </button>
                    </div>
                    <div
                      class="padding-left modal-body"
                    >
                      <p>
                        Your files will not be submitted.
                      </p>
                      <p>
                        You will be returned to:
                        <br />
                        <b>
                          Original
                        </b>
                         website
                      </p>
                    </div>
                    <div
                      class="mx-auto mb-5"
                    >
                      <div>
                        <button
                          class="normal-blue btn consistent-width"
                          data-test-id="modal-confirm-btn"
                          type="button"
                        >
                          Yes, cancel my process please
                        </button>
                      </div>
                      <br />
                      <div>
                        <button
                          class="normal-white btn consistent-width"
                          data-test-id="modal-cancel-btn"
                          type="button"
                        >
                          No, resume my process please
                        </button>
                      </div>
                    </div>
                  </div>
                </div>
              </div>
            </body>
          }
        >
          <BackdropTransition
            appear={true}
            in={true}
          >
            <Fade
              appear={true}
              in={true}
              mountOnEnter={false}
              timeout={300}
              unmountOnExit={false}
            >
              <Transition
                addEndListener={[Function]}
                appear={true}
                enter={true}
                exit={true}
                in={true}
                mountOnEnter={false}
                onEnter={[Function]}
                onEntered={[Function]}
                onEntering={[Function]}
                onExit={[Function]}
                onExited={[Function]}
                onExiting={[Function]}
                timeout={300}
                unmountOnExit={false}
              >
                <div
                  className="fade modal-backdrop show"
                  onClick={[Function]}
                />
              </Transition>
            </Fade>
          </BackdropTransition>
          <DialogTransition
            appear={true}
            in={true}
            onEnter={[Function]}
            onEntering={[Function]}
            onExited={[Function]}
            unmountOnExit={true}
          >
            <Fade
              appear={true}
              in={true}
              mountOnEnter={false}
              onEnter={[Function]}
              onEntering={[Function]}
              onExited={[Function]}
              timeout={300}
              unmountOnExit={true}
            >
              <Transition
                addEndListener={[Function]}
                appear={true}
                enter={true}
                exit={true}
                in={true}
                mountOnEnter={false}
                onEnter={[Function]}
                onEntered={[Function]}
                onEntering={[Function]}
                onExit={[Function]}
                onExited={[Function]}
                onExiting={[Function]}
                timeout={300}
                unmountOnExit={true}
              >
                <div
                  aria-modal={true}
                  className="fade modal show"
                  onClick={[Function]}
                  onMouseUp={[Function]}
                  role="dialog"
                  style={
                    Object {
                      "paddingLeft": undefined,
                      "paddingRight": undefined,
                    }
                  }
                  tabIndex={-1}
                >
                  <ModalDialog
                    onMouseDown={[Function]}
                    role="document"
                  >
                    <div
                      className="modal-dialog"
                      onMouseDown={[Function]}
                      role="document"
                    >
                      <div
                        className="modal-content"
                      >
                        <ModalHeader
                          className="hide-border padding-left"
                          closeButton={true}
                          closeLabel="Close"
                        >
                          <div
                            className="hide-border padding-left modal-header"
                          >
                            <ModalTitle
                              className="mt-3 larger-font"
                            >
                              <ForwardRef
                                className="mt-3 larger-font modal-title"
                              >
                                <div
                                  className="mt-3 larger-font modal-title h4"
                                >
                                  Cancel process?
                                </div>
                              </ForwardRef>
                            </ModalTitle>
                            <CloseButton
                              label="Close"
                              onClick={[Function]}
                            >
                              <button
                                className="close"
                                onClick={[Function]}
                                type="button"
                              >
                                <span
                                  aria-hidden="true"
                                >
                                  ×
                                </span>
                                <span
                                  className="sr-only"
                                >
                                  Close
                                </span>
                              </button>
                            </CloseButton>
                          </div>
                        </ModalHeader>
                        <ModalBody
                          className="padding-left"
                        >
                          <div
                            className="padding-left modal-body"
                          >
                            <p>
                              Your files will not be submitted.
                            </p>
                            <p>
                              You will be returned to:
                              <br />
                              <b>
                                Original
                              </b>
                               website
                            </p>
                          </div>
                        </ModalBody>
                        <div
                          className="mx-auto mb-5"
                        >
                          <Button
                            disabled={false}
                            label="Yes, cancel my process please"
                            onClick={[MockFunction]}
                            styling="normal-blue btn consistent-width"
                            testId="modal-confirm-btn"
                          >
                            <div>
                              <button
                                className="normal-blue btn consistent-width"
                                data-test-id="modal-confirm-btn"
                                disabled={false}
                                onClick={[MockFunction]}
                                type="button"
                              >
                                Yes, cancel my process please
                              </button>
                            </div>
                          </Button>
                          <br />
                          <Button
                            disabled={false}
                            label="No, resume my process please"
                            onClick={[MockFunction]}
                            styling="normal-white btn consistent-width"
                            testId="modal-cancel-btn"
                          >
                            <div>
                              <button
                                className="normal-white btn consistent-width"
                                data-test-id="modal-cancel-btn"
                                disabled={false}
                                onClick={[MockFunction]}
                                type="button"
                              >
                                No, resume my process please
                              </button>
                            </div>
                          </Button>
                        </div>
                      </div>
                    </div>
                  </ModalDialog>
                </div>
              </Transition>
            </Fade>
          </DialogTransition>
        </Portal>
      </Modal>
    </Modal>
  </Bootstrap(Modal)>
</ConfirmationPopup>
`;
