// Jest Snapshot v1, https://goo.gl/fbAQLP

exports[`Storyshots Header Default 1`] = `
<header>
  <nav
    className="navbar navbar-expand-lg navbar-dark"
  >
    <div
      className="container-fluid navbar-brand pointer"
      onClick={[Function]}
      onKeyDown={[Function]}
      role="button"
      tabIndex={0}
    >
      <img
        alt="B.C. Government Logo"
        className="img-fluid d-none d-md-block"
        height="44"
        src="undefined/images/bcid-logo-rev-en.svg"
        width="181"
      />
      <img
        alt="B.C. Government Logo"
        className="img-fluid d-md-none"
        height="44"
        src="undefined/images/bcid-symbol-rev.svg"
        width="64"
      />
      <div
        className="pointer navbar-brand nav-item nav-link"
        onClick={[Function]}
        onKeyDown={[Function]}
        role="button"
        tabIndex={0}
      >
        File Submission
      </div>
    </div>
  </nav>
</header>
`;

exports[`Storyshots Header Mobile 1`] = `
<header>
  <nav
    className="navbar navbar-expand-lg navbar-dark"
  >
    <div
      className="container-fluid navbar-brand pointer"
      onClick={[Function]}
      onKeyDown={[Function]}
      role="button"
      tabIndex={0}
    >
      <img
        alt="B.C. Government Logo"
        className="img-fluid d-none d-md-block"
        height="44"
        src="undefined/images/bcid-logo-rev-en.svg"
        width="181"
      />
      <img
        alt="B.C. Government Logo"
        className="img-fluid d-md-none"
        height="44"
        src="undefined/images/bcid-symbol-rev.svg"
        width="64"
      />
      <div
        className="pointer navbar-brand nav-item nav-link"
        onClick={[Function]}
        onKeyDown={[Function]}
        role="button"
        tabIndex={0}
      >
        File Submission
      </div>
    </div>
  </nav>
</header>
`;

exports[`Storyshots Home Default 1`] = `
<div>
  <p>
    Hello
  </p>
</div>
`;

exports[`Storyshots Home Mobile 1`] = `
<div>
  <p>
    Hello
  </p>
</div>
`;
